// Jest Snapshot v1, https://goo.gl/fbAQLP

exports[`getOffers retrieves ldlc offers 1`] = `
Array [
  Object {
    "key": "AR202009030080",
    "name": "ASUS GeForce TUF RTX 3080 O10G GAMING",
    "price": "€939.95",
    "status": "unavailable",
    "store": "ldlc",
    "url": "https://www.ldlc.com/fiche/PB00368844.html",
  },
  Object {
    "key": "AR202009070053",
    "name": "MSI GeForce RTX 3080 VENTUS 3X 10G OC",
    "price": "€859.96",
    "status": "unavailable",
    "store": "ldlc",
    "url": "https://www.ldlc.com/fiche/PB00368506.html",
  },
  Object {
    "key": "AR202009180076",
    "name": "ZOTAC GeForce RTX 3080 AMP Extreme Holo",
    "price": "€1,019.95",
    "status": "unavailable",
    "store": "ldlc",
    "url": "https://www.ldlc.com/fiche/PB00375491.html",
  },
  Object {
    "key": "AR202009290084",
    "name": "Gigabyte AORUS GeForce RTX 3080 MASTER 10G",
    "price": "€1,019.95",
    "status": "unavailable",
    "store": "ldlc",
    "url": "https://www.ldlc.com/fiche/PB00376208.html",
  },
  Object {
    "key": "AR202009030021",
    "name": "ZOTAC GeForce RTX 3080 TRINITY",
    "price": "€819.95",
    "status": "unavailable",
    "store": "ldlc",
    "url": "https://www.ldlc.com/fiche/PB00368579.html",
  },
  Object {
    "key": "AR202009030072",
    "name": "INNO3D GeForce RTX 3080 ICHILL X4 RGB",
    "price": "€889.96",
    "status": "unavailable",
    "store": "ldlc",
    "url": "https://www.ldlc.com/fiche/PB00368692.html",
  },
  Object {
    "key": "AR202009180078",
    "name": "ZOTAC GeForce RTX 3080 TRINITY OC",
    "price": "€869.95",
    "status": "unavailable",
    "store": "ldlc",
    "url": "https://www.ldlc.com/fiche/PB00375644.html",
  },
  Object {
    "key": "AR202010140550",
    "name": "ASUS GeForce ROG STRIX RTX 3080 10G GAMING",
    "price": "€999.95",
    "status": "unavailable",
    "store": "ldlc",
    "url": "https://www.ldlc.com/fiche/PB00385535.html",
  },
  Object {
    "key": "AR202010260053",
    "name": "Palit GeForce RTX 3080 GameRock OC",
    "price": "€1,049.95",
    "status": "unavailable",
    "store": "ldlc",
    "url": "https://www.ldlc.com/fiche/PB00386332.html",
  },
  Object {
    "key": "AR202009010057",
    "name": "ASUS TUF GeForce RTX 3080 10G GAMING",
    "price": "€919.96",
    "status": "unavailable",
    "store": "ldlc",
    "url": "https://www.ldlc.com/fiche/PB00368789.html",
  },
  Object {
    "key": "AR202009030073",
    "name": "INNO3D GeForce RTX 3080 ICHILL X3 RGB",
    "price": "€869.95",
    "status": "unavailable",
    "store": "ldlc",
    "url": "https://www.ldlc.com/fiche/PB00368691.html",
  },
  Object {
    "key": "AR202009070052",
    "name": "MSI GeForce RTX 3080 GAMING X TRIO 10G",
    "price": "€939.95",
    "status": "unavailable",
    "store": "ldlc",
    "url": "https://www.ldlc.com/fiche/PB00368574.html",
  },
  Object {
    "key": "AR202009080103",
    "name": "Gainward GeForce RTX 3080 Phoenix GS (Golden Sample)",
    "price": "€929.95",
    "status": "unavailable",
    "store": "ldlc",
    "url": "https://www.ldlc.com/fiche/PB00369158.html",
  },
  Object {
    "key": "AR202009090099",
    "name": "EVGA GeForce RTX 3080 XC3 GAMING",
    "price": "€899.95",
    "status": "unavailable",
    "store": "ldlc",
    "url": "https://www.ldlc.com/fiche/PB00369268.html",
  },
  Object {
    "key": "AR202009090101",
    "name": "EVGA GeForce RTX 3080 FTW3 ULTRA GAMING",
    "price": "€999.95",
    "status": "unavailable",
    "store": "ldlc",
    "url": "https://www.ldlc.com/fiche/PB00369299.html",
  },
  Object {
    "key": "AR202009080052",
    "name": "KFA2 GeForce RTX 3080 SG (1-Click OC)",
    "price": "€849.95",
    "status": "unavailable",
    "store": "ldlc",
    "url": "https://www.ldlc.com/fiche/PB00368931.html",
  },
  Object {
    "key": "AR202009080099",
    "name": "Palit GeForce RTX 3080 GamingPro OC",
    "price": "€919.96",
    "status": "unavailable",
    "store": "ldlc",
    "url": "https://www.ldlc.com/fiche/PB00375448.html",
  },
  Object {
    "key": "AR202009090076",
    "name": "ASUS GeForce ROG STRIX RTX 3080 O10G GAMING",
    "price": "€1,019.95",
    "status": "unavailable",
    "store": "ldlc",
    "url": "https://www.ldlc.com/fiche/PB00375431.html",
  },
  Object {
    "key": "AR202009090100",
    "name": "EVGA GeForce RTX 3080 FTW3 GAMING",
    "price": "€989.95",
    "status": "unavailable",
    "store": "ldlc",
    "url": "https://www.ldlc.com/fiche/PB00369265.html",
  },
  Object {
    "key": "AR202009180077",
    "name": "ZOTAC GeForce RTX 3080 AMP Holo",
    "price": "€949.96",
    "status": "unavailable",
    "store": "ldlc",
    "url": "https://www.ldlc.com/fiche/PB00375625.html",
  },
  Object {
    "key": "AR202009300085",
    "name": "Gigabyte GeForce RTX 3080 VISION OC 10G",
    "price": "€919.96",
    "status": "unavailable",
    "store": "ldlc",
    "url": "https://www.ldlc.com/fiche/PB00376207.html",
  },
  Object {
    "key": "AR202009030079",
    "name": "INNO3D GeForce RTX 3080 TWIN X2 OC",
    "price": "€879.95",
    "status": "unavailable",
    "store": "ldlc",
    "url": "https://www.ldlc.com/fiche/PB00368690.html",
  },
  Object {
    "key": "AR202009080083",
    "name": "Gigabyte GeForce RTX 3080 GAMING OC 10G",
    "price": "€919.96",
    "status": "unavailable",
    "store": "ldlc",
    "url": "https://www.ldlc.com/fiche/PB00368968.html",
  },
  Object {
    "key": "AR202009080086",
    "name": "Gigabyte GeForce RTX 3080 EAGLE OC 10G",
    "price": "€869.95",
    "status": "unavailable",
    "store": "ldlc",
    "url": "https://www.ldlc.com/fiche/PB00369072.html",
  },
  Object {
    "key": "AR202009080100",
    "name": "Palit GeForce RTX 3080 GamingPro",
    "price": "€899.95",
    "status": "unavailable",
    "store": "ldlc",
    "url": "https://www.ldlc.com/fiche/PB00369094.html",
  },
  Object {
    "key": "AR202009080104",
    "name": "Gainward GeForce RTX 3080 Phoenix",
    "price": "€899.95",
    "status": "unavailable",
    "store": "ldlc",
    "url": "https://www.ldlc.com/fiche/PB00369150.html",
  },
  Object {
    "key": "AR202009090098",
    "name": "EVGA GeForce RTX 3080 XC3 BLACK GAMING",
    "price": "€849.95",
    "status": "unavailable",
    "store": "ldlc",
    "url": "https://www.ldlc.com/fiche/PB00369298.html",
  },
  Object {
    "key": "AR202009100088",
    "name": "EVGA GeForce RTX 3080 XC3 ULTRA GAMING",
    "price": "€929.95",
    "status": "unavailable",
    "store": "ldlc",
    "url": "https://www.ldlc.com/fiche/PB00369303.html",
  },
  Object {
    "key": "AR202010260052",
    "name": "Gainward GeForce RTX 3080 Phantom",
    "price": "€1,019.95",
    "status": "unavailable",
    "store": "ldlc",
    "url": "https://www.ldlc.com/fiche/PB00386063.html",
  },
  Object {
    "key": "AR202010260054",
    "name": "Palit GeForce RTX 3080 GameRock",
    "price": "€1,019.95",
    "status": "unavailable",
    "store": "ldlc",
    "url": "https://www.ldlc.com/fiche/PB00386334.html",
  },
  Object {
    "key": "AR202009220060",
    "name": "KFA2 GeForce RTX 3070 SG (1-Click OC)",
    "price": "€659.95",
    "status": "unavailable",
    "store": "ldlc",
    "url": "https://www.ldlc.com/fiche/PB00385058.html",
  },
  Object {
    "key": "AR202009290076",
    "name": "ASUS GeForce TUF RTX 3070 O8G GAMING",
    "price": "€679.94",
    "status": "unavailable",
    "store": "ldlc",
    "url": "https://www.ldlc.com/fiche/PB00384232.html",
  },
  Object {
    "key": "AR202010090021",
    "name": "Palit GeForce RTX 3070 JetStream",
    "price": "€639.95",
    "status": "unavailable",
    "store": "ldlc",
    "url": "https://www.ldlc.com/fiche/PB00385131.html",
  },
  Object {
    "key": "AR202010090024",
    "name": "Gainward GeForce RTX 3070 Phantom GS (Golden Sample)",
    "price": "€749.95",
    "status": "unavailable",
    "store": "ldlc",
    "url": "https://www.ldlc.com/fiche/PB00385466.html",
  },
  Object {
    "key": "AR202010200077",
    "name": "Gigabyte GeForce RTX 3070 VISION OC 8G",
    "price": "€729.95",
    "status": "unavailable",
    "store": "ldlc",
    "url": "https://www.ldlc.com/fiche/PB00385043.html",
  },
  Object {
    "key": "AR202009170013",
    "name": "ASUS GeForce ROG STRIX RTX 3070 8G GAMING",
    "price": "€769.94",
    "status": "unavailable",
    "store": "ldlc",
    "url": "https://www.ldlc.com/fiche/PB00386907.html",
  },
  Object {
    "key": "AR202009290085",
    "name": "Gigabyte GeForce RTX 3070 GAMING OC 8G",
    "price": "€679.94",
    "status": "unavailable",
    "store": "ldlc",
    "url": "https://www.ldlc.com/fiche/PB00384189.html",
  },
  Object {
    "key": "AR202010010051",
    "name": "MSI GeForce RTX 3070 VENTUS 2X 8G OC",
    "price": "€629.95",
    "status": "unavailable",
    "store": "ldlc",
    "url": "https://www.ldlc.com/fiche/PB00385046.html",
  },
  Object {
    "key": "AR202010010052",
    "name": "MSI GeForce RTX 3070 GAMING X TRIO 8G",
    "price": "€779.95",
    "status": "unavailable",
    "store": "ldlc",
    "url": "https://www.ldlc.com/fiche/PB00385048.html",
  },
  Object {
    "key": "AR202010050072",
    "name": "INNO3D GeForce RTX 3070 ICHILL X3 RGB",
    "price": "€649.94",
    "status": "unavailable",
    "store": "ldlc",
    "url": "https://www.ldlc.com/fiche/PB00386014.html",
  },
  Object {
    "key": "AR202010090023",
    "name": "Palit GeForce RTX 3070 GamingPro",
    "price": "€689.95",
    "status": "unavailable",
    "store": "ldlc",
    "url": "https://www.ldlc.com/fiche/PB00385126.html",
  },
  Object {
    "key": "AR202010090028",
    "name": "Gainward GeForce RTX 3070 Phoenix",
    "price": "€639.95",
    "status": "unavailable",
    "store": "ldlc",
    "url": "https://www.ldlc.com/fiche/PB00385462.html",
  },
  Object {
    "key": "AR202009170012",
    "name": "ASUS GeForce ROG STRIX RTX 3070 O8G GAMING",
    "price": "€779.95",
    "status": "unavailable",
    "store": "ldlc",
    "url": "https://www.ldlc.com/fiche/PB00386904.html",
  },
  Object {
    "key": "AR202009180082",
    "name": "ZOTAC GeForce RTX 3070 Twin Edge OC",
    "price": "€629.95",
    "status": "unavailable",
    "store": "ldlc",
    "url": "https://www.ldlc.com/fiche/PB00383541.html",
  },
  Object {
    "key": "AR202010010050",
    "name": "MSI GeForce RTX 3070 VENTUS 3X 8G OC",
    "price": "€699.95",
    "status": "unavailable",
    "store": "ldlc",
    "url": "https://www.ldlc.com/fiche/PB00385045.html",
  },
  Object {
    "key": "AR202010090016",
    "name": "Palit GeForce RTX 3070 GameRock OC",
    "price": "€779.95",
    "status": "unavailable",
    "store": "ldlc",
    "url": "https://www.ldlc.com/fiche/PB00385129.html",
  },
  Object {
    "key": "AR202010090017",
    "name": "Palit GeForce RTX 3070 GameRock",
    "price": "€759.95",
    "status": "unavailable",
    "store": "ldlc",
    "url": "https://www.ldlc.com/fiche/PB00385128.html",
  },
  Object {
    "key": "AR202010090027",
    "name": "Gainward GeForce RTX 3070 Phoenix GS (Golden Sample)",
    "price": "€679.94",
    "status": "unavailable",
    "store": "ldlc",
    "url": "https://www.ldlc.com/fiche/PB00385463.html",
  },
  Object {
    "key": "AR202010210023",
    "name": "EVGA GeForce RTX 3070 XC3 BLACK GAMING",
    "price": "€729.95",
    "status": "unavailable",
    "store": "ldlc",
    "url": "https://www.ldlc.com/fiche/PB00386030.html",
  },
  Object {
    "key": "AR202009030022",
    "name": "ZOTAC GeForce RTX 3070 Twin Edge",
    "price": "€569.95",
    "status": "unavailable",
    "store": "ldlc",
    "url": "https://www.ldlc.com/fiche/PB00383518.html",
  },
  Object {
    "key": "AR202009220022",
    "name": "ASUS GeForce RTX Dual 3070 8G",
    "price": "€629.95",
    "status": "unavailable",
    "store": "ldlc",
    "url": "https://www.ldlc.com/fiche/PB00384198.html",
  },
  Object {
    "key": "AR202009290086",
    "name": "Gigabyte GeForce RTX 3070 EAGLE OC 8G",
    "price": "€649.94",
    "status": "unavailable",
    "store": "ldlc",
    "url": "https://www.ldlc.com/fiche/PB00383549.html",
  },
  Object {
    "key": "AR202010090022",
    "name": "Palit GeForce RTX 3070 GamingPro OC",
    "price": "€699.95",
    "status": "unavailable",
    "store": "ldlc",
    "url": "https://www.ldlc.com/fiche/PB00385127.html",
  },
  Object {
    "key": "AR202010200076",
    "name": "Gigabyte AORUS GeForce RTX 3070 MASTER 8G",
    "price": "€779.95",
    "status": "unavailable",
    "store": "ldlc",
    "url": "https://www.ldlc.com/fiche/PB00385044.html",
  },
  Object {
    "key": "AR202010210026",
    "name": "EVGA GeForce RTX 3070 XC3 GAMING",
    "price": "€769.94",
    "status": "unavailable",
    "store": "ldlc",
    "url": "https://www.ldlc.com/fiche/PB00386928.html",
  },
  Object {
    "key": "AR202010210031",
    "name": "EVGA GeForce RTX 3070 FTW3 ULTRA GAMING",
    "price": "€819.95",
    "status": "unavailable",
    "store": "ldlc",
    "url": "https://www.ldlc.com/fiche/PB00386925.html",
  },
  Object {
    "key": "AR202009220023",
    "name": "ASUS GeForce RTX Dual 3070 O8G",
    "price": "€649.94",
    "status": "unavailable",
    "store": "ldlc",
    "url": "https://www.ldlc.com/fiche/PB00384225.html",
  },
  Object {
    "key": "AR202010050071",
    "name": "INNO3D GeForce RTX 3070 ICHILL X4 RGB",
    "price": "€679.94",
    "status": "unavailable",
    "store": "ldlc",
    "url": "https://www.ldlc.com/fiche/PB00386023.html",
  },
  Object {
    "key": "AR202010050078",
    "name": "INNO3D GeForce RTX 3070 TWIN X2 OC",
    "price": "€629.95",
    "status": "unavailable",
    "store": "ldlc",
    "url": "https://www.ldlc.com/fiche/PB00385663.html",
  },
  Object {
    "key": "AR202010050079",
    "name": "INNO3D GeForce RTX 3070 TWIN X2",
    "price": "€549.95",
    "status": "unavailable",
    "store": "ldlc",
    "url": "https://www.ldlc.com/fiche/PB00385662.html",
  },
  Object {
    "key": "AR202010090019",
    "name": "Palit GeForce RTX 3070 JetStream OC",
    "price": "€669.95",
    "status": "unavailable",
    "store": "ldlc",
    "url": "https://www.ldlc.com/fiche/PB00385132.html",
  },
  Object {
    "key": "AR202010090025",
    "name": "Gainward GeForce RTX 3070 Phantom",
    "price": "€719.95",
    "status": "unavailable",
    "store": "ldlc",
    "url": "https://www.ldlc.com/fiche/PB00385465.html",
  },
  Object {
    "key": "AR202010210027",
    "name": "EVGA GeForce RTX 3070 XC3 ULTRA GAMING",
    "price": "€779.95",
    "status": "unavailable",
    "store": "ldlc",
    "url": "https://www.ldlc.com/fiche/PB00386927.html",
  },
  Object {
    "key": "AR202010210030",
    "name": "EVGA GeForce RTX 3070 FTW3 GAMING",
    "price": "€799.94",
    "status": "unavailable",
    "store": "ldlc",
    "url": "https://www.ldlc.com/fiche/PB00386926.html",
  },
  Object {
    "key": "AR202009010062",
    "name": "ASUS TUF GeForce RTX 3090 24G GAMING",
    "price": "€1,849.94",
    "status": "unavailable",
    "store": "ldlc",
    "url": "https://www.ldlc.com/fiche/PB00369842.html",
  },
  Object {
    "key": "AR202009070051",
    "name": "MSI GeForce RTX 3090 VENTUS 3X 24G OC",
    "price": "€1,759.94",
    "status": "available",
    "store": "ldlc",
    "url": "https://www.ldlc.com/fiche/PB00370057.html",
  },
  Object {
    "key": "AR202009070050",
    "name": "MSI GeForce RTX 3090 GAMING X TRIO 24G",
    "price": "€1,849.94",
    "status": "available",
    "store": "ldlc",
    "url": "https://www.ldlc.com/fiche/PB00370065.html",
  },
  Object {
    "key": "AR202009080079",
    "name": "Gigabyte GeForce RTX 3090 EAGLE OC 24G",
    "price": "€1,749.95",
    "status": "unavailable",
    "store": "ldlc",
    "url": "https://www.ldlc.com/fiche/PB00371132.html",
  },
  Object {
    "key": "AR202009080098",
    "name": "Palit GeForce RTX 3090 GamingPro",
    "price": "€1,779.95",
    "status": "unavailable",
    "store": "ldlc",
    "url": "https://www.ldlc.com/fiche/PB00374912.html",
  },
  Object {
    "key": "AR202010280094",
    "name": "Gigabyte GeForce RTX 3090 VISION OC 24G",
    "price": "€1,849.96",
    "status": "unavailable",
    "store": "ldlc",
    "url": "https://www.ldlc.com/fiche/PB00386908.html",
  },
  Object {
    "key": "AR202009030020",
    "name": "ZOTAC GeForce RTX 3090 TRINITY",
    "price": "€1,759.94",
    "status": "available",
    "store": "ldlc",
    "url": "https://www.ldlc.com/fiche/PB00370250.html",
  },
  Object {
    "key": "AR202009030069",
    "name": "INNO3D GeForce RTX 3090 ICHILL X3 RGB",
    "price": "€1,749.95",
    "status": "available",
    "store": "ldlc",
    "url": "https://www.ldlc.com/fiche/PB00374606.html",
  },
  Object {
    "key": "AR202009080097",
    "name": "Palit GeForce RTX 3090 GamingPro OC",
    "price": "€1,789.95",
    "status": "available",
    "store": "ldlc",
    "url": "https://www.ldlc.com/fiche/PB00374914.html",
  },
  Object {
    "key": "AR202009080101",
    "name": "Gainward GeForce RTX 3090 Phoenix GS (Golden Sample)",
    "price": "€1,819.94",
    "status": "unavailable",
    "store": "ldlc",
    "url": "https://www.ldlc.com/fiche/PB00370913.html",
  },
  Object {
    "key": "AR202009080102",
    "name": "Gainward GeForce RTX 3090 Phoenix",
    "price": "€1,799.95",
    "status": "unavailable",
    "store": "ldlc",
    "url": "https://www.ldlc.com/fiche/PB00370903.html",
  },
  Object {
    "key": "AR202009290104",
    "name": "Gigabyte AORUS GeForce RTX 3090 MASTER 24G",
    "price": "€1,919.95",
    "status": "unavailable",
    "store": "ldlc",
    "url": "https://www.ldlc.com/fiche/PB00376302.html",
  },
  Object {
    "key": "AR202009090081",
    "name": "ASUS ROG STRIX GeForce RTX 3090 O24G GAMING",
    "price": "€1,949.95",
    "status": "unavailable",
    "store": "ldlc",
    "url": "https://www.ldlc.com/fiche/PB00369849.html",
  },
  Object {
    "key": "AR202009090102",
    "name": "EVGA GeForce RTX 3090 XC3 BLACK GAMING",
    "price": "€1,849.95",
    "status": "unavailable",
    "store": "ldlc",
    "url": "https://www.ldlc.com/fiche/PB00374629.html",
  },
  Object {
    "key": "AR202009090103",
    "name": "EVGA GeForce RTX 3090 XC3 GAMING",
    "price": "€1,899.95",
    "status": "unavailable",
    "store": "ldlc",
    "url": "https://www.ldlc.com/fiche/PB00374628.html",
  },
  Object {
    "key": "AR202009090107",
    "name": "EVGA GeForce RTX 3090 FTW3 GAMING",
    "price": "€2,049.95",
    "status": "unavailable",
    "store": "ldlc",
    "url": "https://www.ldlc.com/fiche/PB00374838.html",
  },
  Object {
    "key": "AR202009090109",
    "name": "EVGA GeForce RTX 3090 FTW3 ULTRA GAMING",
    "price": "€2,099.95",
    "status": "available",
    "store": "ldlc",
    "url": "https://www.ldlc.com/fiche/PB00374837.html",
  },
  Object {
    "key": "AR202009030068",
    "name": "INNO3D GeForce RTX 3090 ICHILL X4 RGB",
    "price": "€1,779.95",
    "status": "unavailable",
    "store": "ldlc",
    "url": "https://www.ldlc.com/fiche/PB00374614.html",
  },
  Object {
    "key": "AR202009030078",
    "name": "INNO3D GeForce RTX 3090 GAMING X3",
    "price": "€1,699.95",
    "status": "unavailable",
    "store": "ldlc",
    "url": "https://www.ldlc.com/fiche/PB00371280.html",
  },
  Object {
    "key": "AR202009030081",
    "name": "ASUS GeForce TUF RTX 3090 O24G GAMING",
    "price": "€1,859.95",
    "status": "unavailable",
    "store": "ldlc",
    "url": "https://www.ldlc.com/fiche/PB00374911.html",
  },
  Object {
    "key": "AR202009080051",
    "name": "KFA2 GeForce RTX 3090 SG (1-Click OC)",
    "price": "€1,749.95",
    "status": "available",
    "store": "ldlc",
    "url": "https://www.ldlc.com/fiche/PB00371133.html",
  },
  Object {
    "key": "AR202009080064",
    "name": "Gigabyte GeForce RTX 3090 GAMING OC 24G",
    "price": "€1,799.95",
    "status": "unavailable",
    "store": "ldlc",
    "url": "https://www.ldlc.com/fiche/PB00371131.html",
  },
  Object {
    "key": "AR202009090106",
    "name": "EVGA GeForce RTX 3090 XC3 ULTRA GAMING",
    "price": "€1,969.94",
    "status": "available",
    "store": "ldlc",
    "url": "https://www.ldlc.com/fiche/PB00374631.html",
  },
]
`;
